mbejoy@INLEN8520062212 MINGW64 ~/desktop/newgitfolder (master)
$ cd ..

mbejoy@INLEN8520062212 MINGW64 ~/desktop (newbranch)
$ mkdir gitlocfolder

mbejoy@INLEN8520062212 MINGW64 ~/desktop (newbranch)
$ cd gitlocfolder

mbejoy@INLEN8520062212 MINGW64 ~/desktop/gitlocfolder (newbranch)
$ git init
Initialized empty Git repository in C:/Users/mbejoy/Desktop/gitlocfolder/.git/

mbejoy@INLEN8520062212 MINGW64 ~/desktop/gitlocfolder (master)
$ touch a.txt

mbejoy@INLEN8520062212 MINGW64 ~/desktop/gitlocfolder (master)
$ cat > a.txt
This is from a file

mbejoy@INLEN8520062212 MINGW64 ~/desktop/gitlocfolder (master)
$ git status
On branch master

No commits yet

Untracked files:
  (use "git add <file>..." to include in what will be committed)
        a.txt

nothing added to commit but untracked files present (use "git add" to track)

mbejoy@INLEN8520062212 MINGW64 ~/desktop/gitlocfolder (master)
$ git addv .
git: 'addv' is not a git command. See 'git --help'.

The most similar command is
        add

mbejoy@INLEN8520062212 MINGW64 ~/desktop/gitlocfolder (master)
$ git add .
warning: in the working copy of 'a.txt', LF will be replaced by CRLF the next time Git touches it

mbejoy@INLEN8520062212 MINGW64 ~/desktop/gitlocfolder (master)
$ git status
On branch master

No commits yet

Changes to be committed:
  (use "git rm --cached <file>..." to unstage)
        new file:   a.txt


mbejoy@INLEN8520062212 MINGW64 ~/desktop/gitlocfolder (master)
$ git commit -m "This is my commit for A file"
[master (root-commit) b94faae] This is my commit for A file
 1 file changed, 1 insertion(+)
 create mode 100644 a.txt

mbejoy@INLEN8520062212 MINGW64 ~/desktop/gitlocfolder (master)
$ ls
a.txt

mbejoy@INLEN8520062212 MINGW64 ~/desktop/gitlocfolder (master)
$ git touch b.txt
git: 'touch' is not a git command. See 'git --help'.

mbejoy@INLEN8520062212 MINGW64 ~/desktop/gitlocfolder (master)
$ touch b.txt

mbejoy@INLEN8520062212 MINGW64 ~/desktop/gitlocfolder (master)
$ cat > b.txt
This is from b file

mbejoy@INLEN8520062212 MINGW64 ~/desktop/gitlocfolder (master)
$ git add .
warning: in the working copy of 'b.txt', LF will be replaced by CRLF the next time Git touches it

mbejoy@INLEN8520062212 MINGW64 ~/desktop/gitlocfolder (master)
$ git commit -m "This is b commit"
[master 8862853] This is b commit
 1 file changed, 1 insertion(+)
 create mode 100644 b.txt

mbejoy@INLEN8520062212 MINGW64 ~/desktop/gitlocfolder (master)
$ ls
a.txt  b.txt

mbejoy@INLEN8520062212 MINGW64 ~/desktop/gitlocfolder (master)
$ git branch androidbr

mbejoy@INLEN8520062212 MINGW64 ~/desktop/gitlocfolder (master)
$ git checkout androidbr
Switched to branch 'androidbr'

mbejoy@INLEN8520062212 MINGW64 ~/desktop/gitlocfolder (androidbr)
$ ls
a.txt  b.txt

mbejoy@INLEN8520062212 MINGW64 ~/desktop/gitlocfolder (androidbr)
$ touch android.txt

mbejoy@INLEN8520062212 MINGW64 ~/desktop/gitlocfolder (androidbr)
$ cat > android.txt
Android is a software stack

mbejoy@INLEN8520062212 MINGW64 ~/desktop/gitlocfolder (androidbr)
$ git add .
warning: in the working copy of 'android.txt', LF will be replaced by CRLF the next time Git touches it

mbejoy@INLEN8520062212 MINGW64 ~/desktop/gitlocfolder (androidbr)
$ git commit -m "This is android commit"
[androidbr e47842d] This is android commit
 1 file changed, 1 insertion(+)
 create mode 100644 android.txt

mbejoy@INLEN8520062212 MINGW64 ~/desktop/gitlocfolder (androidbr)
$ ls
a.txt  android.txt  b.txt

mbejoy@INLEN8520062212 MINGW64 ~/desktop/gitlocfolder (androidbr)
$ git checkout master
Switched to branch 'master'

mbejoy@INLEN8520062212 MINGW64 ~/desktop/gitlocfolder (master)
$ ls
a.txt  b.txt

mbejoy@INLEN8520062212 MINGW64 ~/desktop/gitlocfolder (master)
$ touch c.txt

mbejoy@INLEN8520062212 MINGW64 ~/desktop/gitlocfolder (master)
$ cat > c.txt
This is done in c file

mbejoy@INLEN8520062212 MINGW64 ~/desktop/gitlocfolder (master)
$ git add .
warning: in the working copy of 'c.txt', LF will be replaced by CRLF the next time Git touches it

mbejoy@INLEN8520062212 MINGW64 ~/desktop/gitlocfolder (master)
$ git commit -m "This is c commit"
[master 225c863] This is c commit
 1 file changed, 1 insertion(+)
 create mode 100644 c.txt

mbejoy@INLEN8520062212 MINGW64 ~/desktop/gitlocfolder (master)
$ ls
a.txt  b.txt  c.txt

mbejoy@INLEN8520062212 MINGW64 ~/desktop/gitlocfolder (master)
$ git checkout androidbr
Switched to branch 'androidbr'

mbejoy@INLEN8520062212 MINGW64 ~/desktop/gitlocfolder (androidbr)
$ ls
a.txt  android.txt  b.txt

mbejoy@INLEN8520062212 MINGW64 ~/desktop/gitlocfolder (androidbr)
$ git checkout master
Switched to branch 'master'

mbejoy@INLEN8520062212 MINGW64 ~/desktop/gitlocfolder (master)
$ ls
a.txt  b.txt  c.txt

mbejoy@INLEN8520062212 MINGW64 ~/desktop/gitlocfolder (master)
$ git merge androidbr
Merge made by the 'ort' strategy.
 android.txt | 1 +
 1 file changed, 1 insertion(+)
 create mode 100644 android.txt

mbejoy@INLEN8520062212 MINGW64 ~/desktop/gitlocfolder (master)
$ ls
a.txt  android.txt  b.txt  c.txt

mbejoy@INLEN8520062212 MINGW64 ~/desktop/gitlocfolder (master)
$ git branch iosbr

mbejoy@INLEN8520062212 MINGW64 ~/desktop/gitlocfolder (master)
$ git checkout androidbr
Switched to branch 'androidbr'

mbejoy@INLEN8520062212 MINGW64 ~/desktop/gitlocfolder (androidbr)
$ ls
a.txt  android.txt  b.txt

mbejoy@INLEN8520062212 MINGW64 ~/desktop/gitlocfolder (androidbr)
$ git merge master
Updating e47842d..c219114
Fast-forward
 c.txt | 1 +
 1 file changed, 1 insertion(+)
 create mode 100644 c.txt

mbejoy@INLEN8520062212 MINGW64 ~/desktop/gitlocfolder (androidbr)
$ ls
a.txt  android.txt  b.txt  c.txt

mbejoy@INLEN8520062212 MINGW64 ~/desktop/gitlocfolder (androidbr)
$
